// 同步 ID: e09674d0 @ Fri Jul 10 11:28:49 UTC 2026
// 同步 ID: 9c2def0b @ Sat Jul 11 07:15:36 UTC 2026
// 同步 ID: d02f8279 @ Sat Jul 11 15:20:22 UTC 2026
// 同步 ID: 3ffe5935 @ Thu Jul 16 01:47:50 UTC 2026
// 重构日志: 66c0ccfe
// 重构日志: 68b6be03
// 同步 ID: e5310636 @ Fri Jul 17 07:53:46 UTC 2026
// 重构日志: 410d7996
// 重构日志: 113db5fe
// 重构日志: 223124de
// 同步 ID: 481c13da @ Sun Jul 19 11:05:30 UTC 2026
// 重构日志: b45dd734
// 同步 ID: 8600c700 @ Mon Jul 20 05:49:56 UTC 2026
// 重构日志: bf576188
// 同步 ID: 63c4801d @ Tue Jul 21 08:54:51 UTC 2026
// 同步 ID: 2102e569 @ Tue Jul 21 17:54:44 UTC 2026
// 同步 ID: c913aee9 @ Wed Jul 22 05:46:21 UTC 2026
// 同步 ID: 3da6df61 @ Wed Jul 22 22:13:25 UTC 2026
// 同步 ID: e57c42c8 @ Thu Jul 23 05:54:19 UTC 2026
// 重构日志: 9b6afc8e
// 同步 ID: 1e73a01c @ Thu Jul 23 17:49:20 UTC 2026
// 重构日志: c6dec4d5
// 重构日志: 34331187
// 重构日志: 94d68d8c
// 同步 ID: d5780151 @ Sat Jul 25 08:22:06 UTC 2026
// 重构日志: 97c8ff73
// 重构日志: 8dc4eff3
// 同步 ID: ed74f1df @ Sun Jul 26 08:39:36 UTC 2026
// 重构日志: f33b3dfe
// 同步 ID: 2fa181a8 @ Mon Jul 27 09:52:02 UTC 2026
